916 priority threads
[1/916] 1v5cct8 195c | What's the less harmful option between a rosin ceramic cart and a join
[2/916] 1o5se5j 121c | Iris Labs are the best Live Resin carts on the market!!
[3/916] 1vnjgze 145c | Absolutely Slaps 👋🔥 Slaps - Exotic Rosin Stick ( Sour Trop ) - 78.3% T
[4/916] 1j2v0o3 122c | The pinnacle of live resin vapes
[5/916] 1psaqig 97c | Triple Burger Rosin (New batch)
[6/916] 1kxs6en 98c | Coterie "live resin" vapes
[7/916] 1jz0yi4 76c | What’s everyone’s go to LR carts ??
[8/916] 1oe9jr4 70c | Botanical terpenes in distillate carts live resin vs distillate which 
[9/916] 1l7gely 74c | Why is my rosin orange?
[10/916] 1rhyhsl 82c | Cuban linx live resin cart… dissapointed
[11/916] 1r2w537 65c | What are some resin/rosin that you guys recommend to try?
[12/916] 1jayip5 69c | What are the best bang for buck 510 carts out rn?
[13/916] 1ipg451 69c | 1964 FSE resin LA KUSH CAKE (510 vape cartridge) underwhelming?
[14/916] 1mhp9wd 67c | Live Resin x Botanical Terps?? Why…. Defeats the whole purpose. Just l
[15/916] 1jdmev8 85c | Sauce Rosin jars consistently short at least 1/10 of a gram
[16/916] 1j0985r 85c | Carmel Live Resin Cartridge -  Bad, cheap cartridge, worst customer re
[17/916] 1kqu9cs 85c | Any explanation? is it live resin?
[18/916] 1r57fgd 69c | Sauce Rosin Labs 510 – Great Rosin, Terrible Hardware
[19/916] 1mgqnq6 59c | Anyone know what Live Resin Hash is?
[20/916] 1qdfihw 55c | I contacted Woody Nelson on 12/23/2025 regarding a new, burning 510 li
[21/916] 1itehto 57c | Why is there much more live resin carts than rosin. Why do people pref
[22/916] 1uq30ry 70c | What are your favorite live resin or live rosin carts?
[23/916] 1tsthzp 56c | Quebec’s 30% THC cap forced us at Bleuh to rethink live resin vape des
[24/916] 1oo24oa 64c | Best weed for anxiety ? Currently trying hybrid cart but don’t notice 
[25/916] 1rt6568 71c | Big Steal Live Rosin
[26/916] 1lbnsra 75c | Redecan Purple Churro Legit Live Resin is In Fact Also Legit
[27/916] 1l6kdjz 117c | Redecan Animal Runtz Legit Live Resin is LEGIT
[28/916] 1plt8lt 76c | Pax Blueberry OG AIO Live Rosin
[29/916] 1n2f2g9 61c | Tribal - Triple burger Supernova live resin disposable 🍔🍔🍔
[30/916] 1l89luu 57c | Tribal Triple Burger 510 Live Resin Cart - 77.6% THC - 11.8% Terpenes
[31/916] 1jh7zhj 59c | What are you using for your rosin ?
[32/916] 1v2n69w 53c | West Coast Gas - Old School Fuel - Death Bubba - 7g - Death Star x Bub
[33/916] 1pwcbcj 64c | Best 510 Carts on the market rn?
